2026-01-17T02:50:15.008+0800	INFO	corn/corn.go:80	任务解锁:onlineCount: 广播当前在线用户数
2026-01-17T02:50:20.001+0800	INFO	corn/corn.go:80	任务解锁:onlineCount: 广播当前在线用户数
2026-01-17T02:50:20.005+0800	INFO	corn/init.go:74	拉取到的任务数量: 1
2026-01-17T02:50:25.000+0800	INFO	cornService/task.go:38	执行示例任务: exampleTask
2026-01-17T02:50:25.002+0800	INFO	corn/corn.go:80	任务解锁:onlineCount: 广播当前在线用户数
2026-01-17T02:50:30.001+0800	INFO	corn/corn.go:80	任务解锁:onlineCount: 广播当前在线用户数
2026-01-17T02:50:30.002+0800	INFO	corn/init.go:74	拉取到的任务数量: 1
2026-01-17T02:50:30.152+0800	INFO	corn/corn.go:76	任务加锁失败:exampleTask: 这是一个示例任务，每分钟执行一次
2026-01-17T02:50:32.000+0800	INFO	corn/corn.go:80	任务解锁:exampleTask: 这是一个示例任务，每分钟执行一次
2026-01-17T02:50:35.003+0800	INFO	corn/corn.go:80	任务解锁:onlineCount: 广播当前在线用户数
2026-01-17T02:50:35.039+0800	INFO	cornService/task.go:38	执行示例任务: exampleTask
2026-01-17T02:50:40.001+0800	INFO	corn/corn.go:80	任务解锁:onlineCount: 广播当前在线用户数
2026-01-17T02:50:40.001+0800	INFO	corn/init.go:74	拉取到的任务数量: 1
2026-01-17T02:50:40.152+0800	INFO	corn/corn.go:76	任务加锁失败:exampleTask: 这是一个示例任务，每分钟执行一次
2026-01-17T02:50:42.039+0800	INFO	corn/corn.go:80	任务解锁:exampleTask: 这是一个示例任务，每分钟执行一次
2026-01-17T02:50:45.001+0800	INFO	corn/corn.go:80	任务解锁:onlineCount: 广播当前在线用户数
2026-01-17T02:50:45.001+0800	INFO	cornService/task.go:38	执行示例任务: exampleTask
2026-01-17T02:50:50.000+0800	INFO	corn/corn.go:80	任务解锁:onlineCount: 广播当前在线用户数
2026-01-17T02:50:50.001+0800	INFO	corn/init.go:74	拉取到的任务数量: 1
2026-01-17T02:50:50.153+0800	INFO	corn/corn.go:76	任务加锁失败:exampleTask: 这是一个示例任务，每分钟执行一次
2026-01-17T02:50:52.002+0800	INFO	corn/corn.go:80	任务解锁:exampleTask: 这是一个示例任务，每分钟执行一次
2026-01-17T02:50:55.000+0800	INFO	cornService/task.go:38	执行示例任务: exampleTask
2026-01-17T02:50:55.002+0800	INFO	corn/corn.go:80	任务解锁:onlineCount: 广播当前在线用户数
2026-01-17T02:51:00.000+0800	INFO	corn/corn.go:80	任务解锁:onlineCount: 广播当前在线用户数
2026-01-17T02:51:00.001+0800	INFO	corn/init.go:74	拉取到的任务数量: 1
2026-01-17T02:51:00.152+0800	INFO	corn/corn.go:76	任务加锁失败:exampleTask: 这是一个示例任务，每分钟执行一次
2026-01-17T02:51:02.001+0800	INFO	corn/corn.go:80	任务解锁:exampleTask: 这是一个示例任务，每分钟执行一次
2026-01-17T02:51:05.001+0800	INFO	corn/corn.go:80	任务解锁:onlineCount: 广播当前在线用户数
2026-01-17T02:51:05.001+0800	INFO	cornService/task.go:38	执行示例任务: exampleTask
2026-01-17T02:51:10.001+0800	INFO	corn/corn.go:80	任务解锁:onlineCount: 广播当前在线用户数
2026-01-17T02:51:10.002+0800	INFO	corn/init.go:74	拉取到的任务数量: 1
2026-01-17T02:51:10.161+0800	INFO	corn/corn.go:76	任务加锁失败:exampleTask: 这是一个示例任务，每分钟执行一次
2026-01-17T02:51:12.002+0800	INFO	corn/corn.go:80	任务解锁:exampleTask: 这是一个示例任务，每分钟执行一次
